<html>
<body>
<pre>
<h1>µVision Build Log</h1>
<h2>Project:</h2>
C:\Users\Shimaa\Desktop\mirco\lcd.uvproj
Project File Date:  03/12/2020

<h2>Output:</h2>
Build target 'Target 1'
assembling startup_TM4C123.s...
compiling main.c...
main.c(64): warning:  #550-D: variable "delay" was set but never used
        uint32_t delay;
main.c(118): warning:  #111-D: statement is unreachable
        return 0;
main.c: 2 warnings, 0 errors
linking...
Program Size: Code=948 RO-data=636 RW-data=0 ZI-data=608  
".\lcd.axf" - 0 Error(s), 2 Warning(s).
